  Determining projects to restore...
  All projects are up-to-date for restore.
  ServiceAxis.Domain -> C:\Users\ahari\source\ServiceAxis\src\ServiceAxis.Domain\bin\Debug\net8.0\ServiceAxis.Domain.dll
  ServiceAxis.Shared -> C:\Users\ahari\source\ServiceAxis\src\ServiceAxis.Shared\bin\Debug\net8.0\ServiceAxis.Shared.dll
C:\Users\ahari\source\ServiceAxis\src\ServiceAxis.Application\Features\Automation\AutomationCommandHandlers.cs(2,17): error CS0234: The type or namespace name 'EntityFrameworkCore' does not exist in the namespace 'Microsoft' (are you missing an assembly reference?) [C:\Users\ahari\source\ServiceAxis\src\ServiceAxis.Application\ServiceAxis.Application.csproj]
C:\Users\ahari\source\ServiceAxis\src\ServiceAxis.Application\Features\Automation\AutomationQueryHandlers.cs(2,17): error CS0234: The type or namespace name 'EntityFrameworkCore' does not exist in the namespace 'Microsoft' (are you missing an assembly reference?) [C:\Users\ahari\source\ServiceAxis\src\ServiceAxis.Application\ServiceAxis.Application.csproj]
C:\Users\ahari\source\ServiceAxis\src\ServiceAxis.Application\Features\Automation\AutomationQueries.cs(41,114): error CS0246: The type or namespace name 'PagedResult<>' could not be found (are you missing a using directive or an assembly reference?) [C:\Users\ahari\source\ServiceAxis\src\ServiceAxis.Application\ServiceAxis.Application.csproj]
C:\Users\ahari\source\ServiceAxis\src\ServiceAxis.Application\Features\Automation\AutomationQueryHandlers.cs(12,46): error CS0246: The type or namespace name 'PagedResult<>' could not be found (are you missing a using directive or an assembly reference?) [C:\Users\ahari\source\ServiceAxis\src\ServiceAxis.Application\ServiceAxis.Application.csproj]
C:\Users\ahari\source\ServiceAxis\src\ServiceAxis.Application\Features\Automation\AutomationQueryHandlers.cs(72,44): error CS0246: The type or namespace name 'ISpecification<>' could not be found (are you missing a using directive or an assembly reference?) [C:\Users\ahari\source\ServiceAxis\src\ServiceAxis.Application\ServiceAxis.Application.csproj]
C:\Users\ahari\source\ServiceAxis\src\ServiceAxis.Application\Features\Automation\AutomationQueryHandlers.cs(22,23): error CS0246: The type or namespace name 'PagedResult<>' could not be found (are you missing a using directive or an assembly reference?) [C:\Users\ahari\source\ServiceAxis\src\ServiceAxis.Application\ServiceAxis.Application.csproj]

Build FAILED.

C:\Users\ahari\source\ServiceAxis\src\ServiceAxis.Application\Features\Automation\AutomationCommandHandlers.cs(2,17): error CS0234: The type or namespace name 'EntityFrameworkCore' does not exist in the namespace 'Microsoft' (are you missing an assembly reference?) [C:\Users\ahari\source\ServiceAxis\src\ServiceAxis.Application\ServiceAxis.Application.csproj]
C:\Users\ahari\source\ServiceAxis\src\ServiceAxis.Application\Features\Automation\AutomationQueryHandlers.cs(2,17): error CS0234: The type or namespace name 'EntityFrameworkCore' does not exist in the namespace 'Microsoft' (are you missing an assembly reference?) [C:\Users\ahari\source\ServiceAxis\src\ServiceAxis.Application\ServiceAxis.Application.csproj]
C:\Users\ahari\source\ServiceAxis\src\ServiceAxis.Application\Features\Automation\AutomationQueries.cs(41,114): error CS0246: The type or namespace name 'PagedResult<>' could not be found (are you missing a using directive or an assembly reference?) [C:\Users\ahari\source\ServiceAxis\src\ServiceAxis.Application\ServiceAxis.Application.csproj]
C:\Users\ahari\source\ServiceAxis\src\ServiceAxis.Application\Features\Automation\AutomationQueryHandlers.cs(12,46): error CS0246: The type or namespace name 'PagedResult<>' could not be found (are you missing a using directive or an assembly reference?) [C:\Users\ahari\source\ServiceAxis\src\ServiceAxis.Application\ServiceAxis.Application.csproj]
C:\Users\ahari\source\ServiceAxis\src\ServiceAxis.Application\Features\Automation\AutomationQueryHandlers.cs(72,44): error CS0246: The type or namespace name 'ISpecification<>' could not be found (are you missing a using directive or an assembly reference?) [C:\Users\ahari\source\ServiceAxis\src\ServiceAxis.Application\ServiceAxis.Application.csproj]
C:\Users\ahari\source\ServiceAxis\src\ServiceAxis.Application\Features\Automation\AutomationQueryHandlers.cs(22,23): error CS0246: The type or namespace name 'PagedResult<>' could not be found (are you missing a using directive or an assembly reference?) [C:\Users\ahari\source\ServiceAxis\src\ServiceAxis.Application\ServiceAxis.Application.csproj]
    0 Warning(s)
    6 Error(s)

Time Elapsed 00:00:01.05
